// Jest Snapshot v1, https://goo.gl/fbAQLP

exports[`NotFound.vue when NotFound was mounted should render correctly 1`] = `<p>Page not found</p>`;
