// Jest Snapshot v1, https://goo.gl/fbAQLP

exports[`Pagination.vue when Pagination was mounted should Pagination render corectly 1`] = `
<ul class="pagination">
  <li class="pagination__item"><a class="pagination__link">1</a></li>
  <li class="pagination__item"><a class="pagination__link">2</a></li>
  <li class="pagination__item"><a class="pagination__link">3</a></li>
  <li class="pagination__item"><a class="pagination__link">4</a></li>
  <li class="pagination__item"><a class="pagination__link">5</a></li>
</ul>
`;
